<html>
<body>
<pre>
<h1>µVision Build Log</h1>
<h2>Project:</h2>
S:\4year1sem\COE718\Final Project\Media Center Project\Project.uvproj
Project File Date:  11/14/2019

<h2>Output:</h2>
Build target 'LPC1768'
compiling Game.c...
Game.c(45): warning:  #177-D: variable "state" was declared but never referenced
        int state = 1;
Game.c(46): warning:  #177-D: variable "num" was declared but never referenced
        int num     = -1; 
Game.c(47): warning:  #177-D: variable "dir" was declared but never referenced
    int dir     =  1;
Game.c(59): warning:  #177-D: variable "t" was declared but never referenced
    double t;
Game.c(61): warning:  #177-D: variable "joystickInit" was declared but never referenced
        uint32_t joystickInit = 0;
Game.c: 5 warnings, 0 errors
linking...
Program Size: Code=16006 RO-data=418522 RW-data=140 ZI-data=1268  
".\Project.axf" - 0 Error(s), 5 Warning(s).
Load "S:\\4year1sem\\COE718\\Final Project\\Media Center Project\\Project.axf" 
Erase Done.
Programming Done.
Verify OK.
</pre>
</body>
</html>
 
Erase Done.
Programming Done.
Verify OK.
D: variable "num" was declared but never referenced
        int num     = -1; 
Game.c(47): warning:  #177-D: variable "dir" was declared but never referenced
    int dir     =  1;
Game.c(58): warning:  #177-D: variable "t" was declared but never referenced
    double t;
Game.c(60): warning:  #177-D: variable "joystickInit" was declared but never referenced
        uint32_t joystickInit = 0;
Game.c: 5 warnings, 0 errors
compiling GameMenu.c...
compiling Game2.c...
Game2.c(168): warning:  #187-D: use of "=" where "==" may have been intended
                                                        if(on3 = 1){
Game2.c(194): warning:  #187-D: use of "=" where "==" may have been intended
                                                        if(on4 = 1){
Game2.c(85): warning:  #550-D: variable "on3" was set but never used
        int on3 = 0;
Game2.c(86): warning:  #550-D: variable "on4" was set but never used
        int on4 = 0;
Game2.c(90): warning:  #177-D: variable "joystickInit" was declared but never referenced
        uint32_t joystickInit = 0;
Game2.c: 5 warnings, 0 errors
compiling keanu.c...
keanu.c(7): warning:  #177-D: variable "KEANU_pixel_data" was declared but never referenced
  static const unsigned char KEANU_pixel_data[310 * 174 * 2 + 1] =
keanu.c: 1 warning, 0 errors
compiling tap.c...
tap.c(7): warning:  #177-D: variable "TAP_pixel_data" was declared but never referenced
  static const unsigned char TAP_pixel_data[310 * 174 * 2 + 1] =
tap.c: 1 warning, 0 errors
compiling enemy.c...
enemy.c(7): warning:  #177-D: variable "ENEMY_pixel_data" was declared but never referenced
  static const unsigned char ENEMY_pixel_data[50 * 51 * 2 + 1] =
enemy.c: 1 warning, 0 errors
compiling spaceship.c...
spaceship.c(7): warning:  #177-D: variable "SHIP_pixel_data" was declared but never referenced
  static const unsigned char SHIP_pixel_data[50 * 39 * 2 + 1] =
spaceship.c: 1 warning, 0 errors
compiling space.c...
space.c(7): warning:  #177-D: variable "SPACE_pixel_data" was declared but never referenced
  static const unsigned char SPACE_pixel_data[240 * 360 * 2 + 1] =
space.c: 1 warning, 0 errors
compiling spaceshipHurt.c...
spaceshipHurt.c(7): warning:  #177-D: variable "HURT_pixel_data" was declared but never referenced
  static const unsigned char HURT_pixel_data[50 * 39 * 2 + 1] =
spaceshipHurt.c: 1 warning, 0 errors
compiling white.c...
white.c(7): warning:  #177-D: variable "WHITE_pixel_data" was declared but never referenced
  static const unsigned char WHITE_pixel_data[50 * 50 * 2 + 1] =
white.c: 1 warning, 0 errors
compiling black.c...
black.c(7): warning:  #177-D: variable "BLACK_pixel_data" was declared but never referenced
  static const unsigned char BLACK_pixel_data[51 * 51 * 2 + 1] =
black.c: 1 warning, 0 errors
compiling core_cm3.c...
compiling usbcore.c...
compiling usbdesc.c...
compiling usbdmain.c...
Main_Menu.h(1): warning:  #1-D: last line of file ends without a newline
  extern int main (void); 
usbdmain.c(182): warning:  #940-D: missing return statement at end of non-void function "Audio"
  }
usbdmain.c: 2 warnings, 0 errors
compiling usbhw.c...
compiling usbuser.c...
compiling adcuser.c...
linking...
Program Size: Code=15886 RO-data=418522 RW-data=140 ZI-data=1260  
".\Project.axf" - 0 Error(s), 24 Warning(s).
Load "S:\\4year1sem\\COE718\\Final Project\\Media Center Project\\Project.axf" 
Erase Done.
Programming Done.
Verify OK.
